[debug] [2026-05-11T10:36:44.281Z] ----------------------------------------------------------------------
[debug] [2026-05-11T10:36:44.284Z] Command:       C:\Program Files\nodejs\node.exe C:\Users\ZOREN\AppData\Roaming\npm\node_modules\firebase-tools\lib\bin\firebase.js init
[debug] [2026-05-11T10:36:44.284Z] CLI Version:   15.17.0
[debug] [2026-05-11T10:36:44.284Z] Platform:      win32
[debug] [2026-05-11T10:36:44.284Z] Node Version:  v24.15.0
[debug] [2026-05-11T10:36:44.284Z] Time:          Mon May 11 2026 18:36:44 GMT+0800 (Singapore Standard Time)
[debug] [2026-05-11T10:36:44.285Z] ----------------------------------------------------------------------
[debug] 
[info] 
     ######## #### ########  ######## ########     ###     ######  ########
     ##        ##  ##     ## ##       ##     ##  ##   ##  ##       ##
     ######    ##  ########  ######   ########  #########  ######  ######
     ##        ##  ##    ##  ##       ##     ## ##     ##       ## ##
     ##       #### ##     ## ######## ########  ##     ##  ######  ########

You're about to initialize a Firebase project in this directory:

  C:\Users\ZOREN\Inventory-System

[info] 
=== Project Setup
[info] 
[info] First, let's associate this project directory with a Firebase project.
[info] You can create multiple project aliases by running firebase use --add, 
[info] 
[debug] [2026-05-11T10:38:37.102Z] > command requires scopes: ["email","openid","https://www.googleapis.com/auth/cloudplatformprojects.readonly","https://www.googleapis.com/auth/firebase","https://www.googleapis.com/auth/cloud-platform"]
[debug] [2026-05-11T10:38:37.102Z] > authorizing via signed-in user (sorsanoarroyo@gmail.com)
[debug] [2026-05-11T10:38:37.104Z] Checked if tokens are valid: true, expires at: 1778499232318
[debug] [2026-05-11T10:38:37.104Z] Checked if tokens are valid: true, expires at: 1778499232318
[debug] [2026-05-11T10:38:37.105Z] >>> [apiv2][query] GET https://firebase.googleapis.com/v1beta1/projects pageSize=100
[debug] [2026-05-11T10:38:37.910Z] <<< [apiv2][status] GET https://firebase.googleapis.com/v1beta1/projects 200
[debug] [2026-05-11T10:38:37.910Z] <<< [apiv2][body] GET https://firebase.googleapis.com/v1beta1/projects [omitted]
[info] 
=== Hosting Setup
[debug] [2026-05-11T10:38:53.079Z] Checked if tokens are valid: true, expires at: 1778499232318
[debug] [2026-05-11T10:38:53.079Z] Checked if tokens are valid: true, expires at: 1778499232318
[debug] [2026-05-11T10:38:53.079Z] >>> [apiv2][query] GET https://firebase.googleapis.com/v1beta1/projects/inventory-management-sys-ad11b [none]
[debug] [2026-05-11T10:38:53.561Z] <<< [apiv2][status] GET https://firebase.googleapis.com/v1beta1/projects/inventory-management-sys-ad11b 200
[debug] [2026-05-11T10:38:53.561Z] <<< [apiv2][body] GET https://firebase.googleapis.com/v1beta1/projects/inventory-management-sys-ad11b {"projectId":"inventory-management-sys-ad11b","projectNumber":"94592748035","displayName":"Inventory-Management-System","name":"projects/inventory-management-sys-ad11b","resources":{"hostingSite":"inventory-management-sys-ad11b"},"state":"ACTIVE","etag":"1_30ff610a-919f-4b6b-99de-15ee46b620dc"}
[info] 
[info] Your public directory is the folder (relative to your project directory) that
[info] will contain Hosting assets to be uploaded with firebase deploy. If you
[info] have a build process for your assets, use your build's output directory.
[info] 
[info] 
[info] i  Detected a .git folder at C:\Users\ZOREN\Inventory-System 
[info] i  Authorizing with GitHub to upload your service account to a GitHub repository's secrets store. 
[info] 
[info] Visit this URL on this device to log in:
[info] https://github.com/login/oauth/authorize?client_id=89cf50f02ac6aaed3484&state=188099116&redirect_uri=http%3A%2F%2Flocalhost%3A9005&scope=read%3Auser%20repo%20public_repo
[info] 
[info] Waiting for authentication...
[debug] [2026-05-11T10:39:32.435Z] >>> [apiv2][query] POST https://github.com/login/oauth/access_token [none]
[debug] [2026-05-11T10:39:32.435Z] >>> [apiv2][body] POST https://github.com/login/oauth/access_token [stream]
[debug] [2026-05-11T10:39:33.017Z] <<< [apiv2][status] POST https://github.com/login/oauth/access_token 200
[debug] [2026-05-11T10:39:33.017Z] <<< [apiv2][body] POST https://github.com/login/oauth/access_token {"access_token":"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","token_type":"bearer","scope":"read:user,repo"}
[debug] [2026-05-11T10:39:33.021Z] >>> [apiv2][query] GET https://api.github.com/user [none]
[debug] [2026-05-11T10:39:33.554Z] <<< [apiv2][status] GET https://api.github.com/user 200
[debug] [2026-05-11T10:39:33.554Z] <<< [apiv2][body] GET https://api.github.com/user {"login":"resha03","id":189982156,"node_id":"U_kgDOC1LlzA","avatar_url":"https://avatars.githubusercontent.com/u/189982156?v=4","gravatar_id":"","url":"https://api.github.com/users/resha03","html_url":"https://github.com/resha03","followers_url":"https://api.github.com/users/resha03/followers","following_url":"https://api.github.com/users/resha03/following{/other_user}","gists_url":"https://api.github.com/users/resha03/gists{/gist_id}","starred_url":"https://api.github.com/users/resha03/starred{/owner}{/repo}","subscriptions_url":"https://api.github.com/users/resha03/subscriptions","organizations_url":"https://api.github.com/users/resha03/orgs","repos_url":"https://api.github.com/users/resha03/repos","events_url":"https://api.github.com/users/resha03/events{/privacy}","received_events_url":"https://api.github.com/users/resha03/received_events","type":"User","user_view_type":"private","site_admin":false,"name":"SorsanoReysha","company":null,"blog":"","location":null,"email":null,"hireable":null,"bio":null,"twitter_username":null,"notification_email":null,"public_repos":8,"public_gists":0,"followers":0,"following":0,"created_at":"2024-11-28T11:12:39Z","updated_at":"2026-05-11T08:51:05Z","private_gists":0,"total_private_repos":0,"owned_private_repos":0,"disk_usage":12185,"collaborators":0,"two_factor_authentication":false,"plan":{"name":"free","space":976562499,"collaborators":0,"private_repos":10000}}
[info] 
[info] +  Success! Logged into GitHub as resha03 
[info] 
[debug] [2026-05-11T10:40:11.980Z] >>> [apiv2][query] GET https://api.github.com/repos//actions/secrets/public-key type=owner
[debug] [2026-05-11T10:40:12.888Z] <<< [apiv2][status] GET https://api.github.com/repos//actions/secrets/public-key 404
[debug] [2026-05-11T10:40:12.888Z] <<< [apiv2][body] GET https://api.github.com/repos//actions/secrets/public-key {"message":"Not Found","documentation_url":"https://docs.github.com/rest","status":"404"}
[info] 
[info] 
[error] !  The provided authorization cannot be used with this repository. If this repository is in an organization, did you remember to grant access? 
[info] 
[info] i  Action required: Visit this URL to ensure access has been granted to the appropriate organization(s) for the Firebase CLI GitHub OAuth App: 
[info] https://github.com/settings/connections/applications/89cf50f02ac6aaed3484
[info] 
[debug] [2026-05-11T10:42:10.800Z] >>> [apiv2][query] GET https://api.github.com/repos/https://github.com/your-useanoaroyo/Inventory-System/actions/secrets/public-key type=owner
[debug] [2026-05-11T10:42:11.227Z] <<< [apiv2][status] GET https://api.github.com/repos/https://github.com/your-useanoaroyo/Inventory-System/actions/secrets/public-key 404
[debug] [2026-05-11T10:42:11.227Z] <<< [apiv2][body] GET https://api.github.com/repos/https://github.com/your-useanoaroyo/Inventory-System/actions/secrets/public-key {"message":"Not Found","documentation_url":"https://docs.github.com/rest","status":"404"}
[info] 
[info] 
[error] !  The provided authorization cannot be used with this repository. If this repository is in an organization, did you remember to grant access? 
[info] 
[info] i  Action required: Visit this URL to ensure access has been granted to the appropriate organization(s) for the Firebase CLI GitHub OAuth App: 
[info] https://github.com/settings/connections/applications/89cf50f02ac6aaed3484
[info] 
[debug] [2026-05-11T10:42:12.435Z] ExitPromptError: User force closed the prompt with SIGINT
    at Interface.sigint (C:\Users\ZOREN\AppData\Roaming\npm\node_modules\firebase-tools\node_modules\@inquirer\core\dist\commonjs\lib\create-prompt.js:101:37)
    at Interface.emit (node:events:509:28)
    at [_ttyWrite] [as _ttyWrite] (node:internal/readline/interface:1327:18)
    at ReadStream.onkeypress (node:internal/readline/interface:284:20)
    at ReadStream.emit (node:events:521:24)
    at emitKeys (node:internal/readline/utils:371:14)
    at emitKeys.next (<anonymous>)
    at ReadStream.onData (node:internal/readline/emitKeypressEvents:64:36)
    at ReadStream.emit (node:events:509:28)
    at addChunk (node:internal/streams/readable:563:12)
[error] 
[error] Error: An unexpected error has occurred.
